In [7]: import requests

In [8]: from orionsdk import SwisClient

In [9]: from django.conf import settings

In [10]: source=SwisClient('orion.vch.ca', settings.ORION_USER,settings.ORION_PASSWORD)

In [11]: results==source.query('SELECT Table, Field, DataType, MaxLength, StorageMethod, Description, TargetEntit
    ...: y, Mandatory, Default FROM Orion.CustomProperty')
---------------------------------------------------------------------------
NameError                                 Traceback (most recent call last)
<ipython-input-11-06ed74d8cc61> in <module>
----> 1 results==source.query('SELECT Table, Field, DataType, MaxLength, StorageMethod, Description, TargetEntity, Mandatory, Default FROM Orion.CustomProperty')

NameError: name 'results' is not defined

In [12]: results=source.query('SELECT Table, Field, DataType, MaxLength, StorageMethod, Description, TargetEntity
    ...: , Mandatory, Default FROM Orion.CustomProperty')
/opt/phsa/.envs/phsa_venv/lib/python3.6/site-packages/urllib3/connectionpool.py:847: InsecureRequestWarning: Unverified HTTPS request is being made. Adding certificate verification is strongly advised. See: https://urllib3.readthedocs.io/en/latest/advanced-usage.html#ssl-warnings
  InsecureRequestWarning)

In [13]: results
